╭───────────────┬───────────────┬───────────────┬───────────────┬───────────────╮
│               │               │               │               │               │
│               │               │               │               │               │
│     9/23      │     9/24      │     9/25      │     9/26      │     9/27      │
│               │               │               │               │               │
├───────────────┼───────────────┼───────────────┼───────────────┼───────────────┤
│               │               │               │               │               │
│               │               │               │               │               │
│               │               │               │               │               │
│               │               │               │               │               │
│               │               │               │               │               │
│               │               │               │               │               │
│               │               │               │               │               │
╰───────────────┴───────────────┴───────────────┴───────────────┴───────────────╯