╭───────────────┬───────────────┬───────────────┬───────────────┬───────────────┬───────────────┬───────────────╮
│               │               │               │               │               │               │               │
│      Mon      │      Tue      │      Wed      │      Thu      │      Fri      │      Sat      │      Sun      │
│     9/23      │     9/24      │     9/25      │     9/26      │     9/27      │     9/28      │     9/29      │
│               │               │               │               │               │               │               │
├───────────────┼───────────────┼───────────────┼───────────────┼───────────────┼───────────────┼───────────────┤
│               │               │               │               │               │               │               │
│               │               │               │               │               │               │               │
│               │               │               │               │               │               │               │
│               │               │               │               │               │               │               │
│               │               │               │               │               │               │               │
│               │               │               │               │               │               │               │
│               │               │               │               │               │               │               │
╰───────────────┴───────────────┴───────────────┴───────────────┴───────────────┴───────────────┴───────────────╯