╭───────────────┬───────────────┬───────────────┬───────────────┬───────────────┬───────────────┬───────────────╮
│               │               │               │               │               │               │               │
│      Sun      │      Mon      │      Tue      │      Wed      │      Thu      │      Fri      │      Sat      │
│     9/22      │     9/23      │     9/24      │     9/25      │     9/26      │     9/27      │     9/28      │
│               │               │               │               │               │               │               │
├───────────────┼───────────────┼───────────────┼───────────────┼───────────────┼───────────────┼───────────────┤
│               │               │               │               │               │               │               │
│               │               │               │               │               │               │               │
│               │               │               │               │               │               │               │
│               │               │               │               │               │               │               │
│               │               │               │               │               │               │               │
│               │               │               │               │               │               │               │
│               │               │               │               │               │               │               │
╰───────────────┴───────────────┴───────────────┴───────────────┴───────────────┴───────────────┴───────────────╯